0 verbose cli /usr/local/bin/node /usr/local/lib/node_modules/npm/bin/npm-cli.js
1 info using npm@10.9.2
2 info using node@v22.16.0
3 silly config load:file:/usr/local/lib/node_modules/npm/npmrc
4 silly config load:file:/Users/bensilcock/woodsmen/.npmrc
5 silly config load:file:/Users/bensilcock/.npmrc
6 silly config load:file:/usr/local/etc/npmrc
7 verbose title npm exec vercel inspect woodsmen-4xw2w7nqf-senbilcocks-projects.vercel.app
8 verbose argv "exec" "--" "vercel" "inspect" "woodsmen-4xw2w7nqf-senbilcocks-projects.vercel.app"
9 verbose logfile logs-max:10 dir:/Users/bensilcock/woodsmen/.npm-cache/_logs/2026-04-10T09_23_13_546Z-
10 verbose logfile /Users/bensilcock/woodsmen/.npm-cache/_logs/2026-04-10T09_23_13_546Z-debug-0.log
11 silly logfile start cleaning logs, removing 1 files
12 silly logfile done cleaning log files
13 silly packumentCache heap:2197815296 maxSize:549453824 maxEntrySize:274726912
14 http fetch GET 200 https://registry.npmjs.org/vercel 761ms (cache revalidated)
15 silly packumentCache heap:2197815296 maxSize:549453824 maxEntrySize:274726912
16 silly packumentCache heap:2197815296 maxSize:549453824 maxEntrySize:274726912
17 verbose cwd /Users/bensilcock/woodsmen
18 verbose os Darwin 24.6.0
19 verbose node v22.16.0
20 verbose npm  v10.9.2
21 verbose exit 0
22 info ok
